                                now v 4:00PM
Local   : Sat 24 Aug 1985  2:00PM   |
            ▒▒▒▒▒▒██████████████████|███████████▒▒▒▒▒▒▒▒▒▒▒▒            
New York: Sat 24 Aug 1985 10:00AM   |
                        ▒▒▒▒▒▒██████|███████████████████████▒▒▒▒▒▒▒▒▒▒▒▒
Berlin  : Sat 24 Aug 1985  4:00PM   |
      ▒▒▒▒▒▒████████████████████████|█████▒▒▒▒▒▒▒▒▒▒▒▒                  
Shanghai: Sat 24 Aug 1985 10:00PM   |
████████████████████████▒▒▒▒▒▒▒▒▒▒▒▒|                       ▒▒▒▒▒▒██████
Sydney  : Sun 25 Aug 1985 12:00AM   |
██████████████████▒▒▒▒▒▒▒▒▒▒▒▒      |                 ▒▒▒▒▒▒████████████
